Starting Enhanced Market Scan...
Fetching 10 quotes...
  ⚠️ BAJAJ-AUTO: Failed
  ⚠️ HEROMOTOCO: Failed
  ⚠️ EICHERMOT: Failed
  ⚠️ ONGC: Failed
  ⚠️ COALINDIA: Failed
  ⚠️ PIDILITIND: Failed
  ⚠️ TITAN: Failed
  ⚠️ TORNTPHARM: Failed
  ⚠️ MFSL: Failed
  ⚠️ ADANIPOWER: Failed
No data - retry with new stocks
Fetching 10 quotes...
  ⚠️ RELIANCE: Failed
  ⚠️ TCS: Failed
  ⚠️ HDFCBANK: Failed
  ⚠️ INFY: Failed
  ⚠️ ICICIBANK: Failed
  ⚠️ SBIN: Failed
  ⚠️ BHARTIARTL: Failed
  ⚠️ LT: Failed
  ⚠️ KOTAKBANK: Failed
  ⚠️ HINDUNILVR: Failed
Still no data. API may be rate-limited.
Starting Enhanced Market Scan...
Fetching 10 quotes...
  ⚠️ COLPAL: Failed
  ⚠️ PIDILITIND: Failed
  ⚠️ TITAN: Failed
  ⚠️ TORNTPHARM: Failed
  ⚠️ MFSL: Failed
  ⚠️ RELIANCE: Failed
  ⚠️ TCS: Failed
  ⚠️ HDFCBANK: Failed
  ⚠️ INFY: Failed
  ⚠️ ICICIBANK: Failed
No data - retry with new stocks
Fetching 10 quotes...
  ⚠️ BAJAJ-AUTO: Failed
  ⚠️ HEROMOTOCO: Failed
  ⚠️ EICHERMOT: Failed
  ⚠️ ONGC: Failed
  ⚠️ COALINDIA: Failed
  ⚠️ NTPC: Failed
  ⚠️ POWERGRID: Failed
  ⚠️ SUNPHARMA: Failed
  ⚠️ DRREDDY: Failed
  ⚠️ CIPLA: Failed
Still no data. API may be rate-limited.
Starting Enhanced Market Scan...
Fetching 10 quotes...
  ✅ APOLLOHOSP: ₹7515.25 (+0.01%)
  ✅ RELIANCE: ₹1314.55 (-2.64%)
  ✅ TCS: ₹2472.65 (-2.05%)
  ✅ HDFCBANK: ₹794.05 (-2.02%)
  ✅ INFY: ₹1277.35 (-1.16%)
  ✅ BAJAJ-AUTO: ₹9812.10 (-0.02%)
  ✅ HEROMOTOCO: ₹5246.65 (-4.06%)
  ✅ EICHERMOT: ₹7051.25 (-4.99%)
  ✅ ONGC: ₹287.50 (+0.33%)
  ✅ COALINDIA: ₹435.10 (+0.20%)

=======================================================
MARKET SCAN - 2026-04-15 08:00
=======================================================
Sensitivity: high | Macro: neutral
Thresholds: Drop <-1.0%, Rally >1.0%
Scanned: 10 stocks | Opportunities: 8

WATCH (30-50):
  HEROMOTOCO.BSE ₹5246.65 (-4.06%) | 45
  EICHERMOT.BSE ₹7051.25 (-4.99%) | 45
  HDFCBANK.BSE ₹794.05 (-2.02%) | 40
  RELIANCE.BSE ₹1314.55 (-2.64%) | 35

Top Movers:
  Gainers: ONGC.BSE:+0.3%, COALINDIA.BSE:+0.2%, APOLLOHOSP.BSE:+0.0%
  Losers: EICHERMOT.BSE:-5.0%, HEROMOTOCO.BSE:-4.1%, RELIANCE.BSE:-2.6%
=======================================================
Starting Enhanced Market Scan...
Fetching 10 quotes...
  ✅ HINDUNILVR: ₹2156.50 (+1.36%)
  ✅ COLPAL: ₹1943.65 (+1.46%)
  ✅ PIDILITIND: ₹1329.15 (+0.21%)
  ✅ TITAN: ₹4523.45 (+1.95%)
  ✅ TORNTPHARM: ₹4156.05 (-0.55%)
  ✅ BAJAJ-AUTO: ₹9861.00 (+0.50%)
  ✅ HEROMOTOCO: ₹5284.90 (+0.73%)
  ✅ EICHERMOT: ₹7128.05 (+1.09%)
  ✅ ONGC: ₹287.55 (+0.02%)
  ✅ COALINDIA: ₹435.70 (+0.14%)

=======================================================
MARKET SCAN - 2026-04-16 08:00
=======================================================
Sensitivity: high | Macro: neutral
Thresholds: Drop <-1.0%, Rally >1.0%
Scanned: 10 stocks | Opportunities: 8


Top Movers:
  Gainers: TITAN.BSE:+2.0%, COLPAL.BSE:+1.5%, HINDUNILVR.BSE:+1.4%
  Losers: TORNTPHARM.BSE:-0.6%, ONGC.BSE:0.0%, COALINDIA.BSE:0.1%
=======================================================
Starting Enhanced Market Scan...
Fetching 10 quotes...
  ✅ GODREJCP: ₹1081.10 (-0.46%)
  ✅ MARUTI: ₹13333.95 (+0.37%)
  ✅ APOLLOHOSP: ₹7555.95 (-1.18%)
  ✅ RELIANCE: ₹1343.45 (-0.06%)
  ✅ TCS: ₹2577.10 (+0.89%)
  ✅ BAJAJ-AUTO: ₹9823.75 (-0.38%)
  ✅ HEROMOTOCO: ₹5160.85 (-2.35%)
  ✅ EICHERMOT: ₹7131.65 (+0.05%)
  ✅ ONGC: ₹282.75 (-1.67%)
  ✅ COALINDIA: ₹432.90 (-0.64%)

=======================================================
MARKET SCAN - 2026-04-17 08:00
=======================================================
Sensitivity: high | Macro: neutral
Thresholds: Drop <-1.0%, Rally >1.0%
Scanned: 10 stocks | Opportunities: 5

WATCH (30-50):
  HEROMOTOCO.BSE ₹5160.85 (-2.35%) | 35

Top Movers:
  Gainers: TCS.BSE:+0.9%, MARUTI.BSE:+0.4%, EICHERMOT.BSE:+0.1%
  Losers: HEROMOTOCO.BSE:-2.3%, ONGC.BSE:-1.7%, APOLLOHOSP.BSE:-1.2%
=======================================================
Starting Enhanced Market Scan...
Fetching 10 quotes...
  ⚠️ APOLLOHOSP: Failed
  ⚠️ RELIANCE: Failed
  ⚠️ TCS: Failed
  ⚠️ HDFCBANK: Failed
  ⚠️ INFY: Failed
  ⚠️ DRREDDY: Failed
  ⚠️ CIPLA: Failed
  ⚠️ BAJAJ-AUTO: Failed
  ⚠️ HEROMOTOCO: Failed
  ⚠️ EICHERMOT: Failed
No data - retry with new stocks
Fetching 10 quotes...
  ⚠️ KOTAKBANK: Failed
  ⚠️ HINDUNILVR: Failed
  ⚠️ COLPAL: Failed
  ⚠️ PIDILITIND: Failed
  ⚠️ TITAN: Failed
  ⚠️ TORNTPHARM: Failed
  ⚠️ MFSL: Failed
  ⚠️ ADANIPOWER: Failed
  ⚠️ CONCOR: Failed
  ⚠️ AARTIIND: Failed
Still no data. API may be rate-limited.
Starting Enhanced Market Scan...
Fetching 10 quotes...
  ⚠️ DEEPAKNTR: Failed
  ⚠️ GODREJCP: Failed
  ⚠️ MARUTI: Failed
  ⚠️ BAJAJ-AUTO: Failed
  ⚠️ HEROMOTOCO: Failed
  ⚠️ KOTAKBANK: Failed
  ⚠️ HINDUNILVR: Failed
  ⚠️ COLPAL: Failed
  ⚠️ PIDILITIND: Failed
  ⚠️ TITAN: Failed
No data - retry with new stocks
Fetching 10 quotes...
  ⚠️ DRREDDY: Failed
  ⚠️ CIPLA: Failed
  ⚠️ APOLLOHOSP: Failed
  ⚠️ RELIANCE: Failed
  ⚠️ TCS: Failed
  ⚠️ HDFCBANK: Failed
  ⚠️ INFY: Failed
  ⚠️ ICICIBANK: Failed
  ⚠️ SBIN: Failed
  ⚠️ BHARTIARTL: Failed
Still no data. API may be rate-limited.
Starting Enhanced Market Scan...
Fetching 10 quotes...
  ⚠️ LT: Failed
  ⚠️ KOTAKBANK: Failed
  ⚠️ HINDUNILVR: Failed
  ⚠️ COLPAL: Failed
  ⚠️ PIDILITIND: Failed
  ⚠️ DRREDDY: Failed
  ⚠️ CIPLA: Failed
  ⚠️ APOLLOHOSP: Failed
  ⚠️ RELIANCE: Failed
  ⚠️ TCS: Failed
No data - retry with new stocks
Fetching 10 quotes...
  ⚠️ DEEPAKNTR: Failed
  ⚠️ GODREJCP: Failed
  ⚠️ MARUTI: Failed
  ⚠️ BAJAJ-AUTO: Failed
  ✅ HEROMOTOCO: ₹5260.85 (-0.39%)
  ✅ EICHERMOT: ₹7236.25 (-0.06%)
  ⚠️ ONGC: Failed
  ✅ COALINDIA: ₹443.10 (+0.33%)
  ✅ NTPC: ₹396.10 (-0.45%)
  ✅ POWERGRID: ₹319.30 (-0.09%)

=======================================================
MARKET SCAN - 2026-04-22 08:08
=======================================================
Sensitivity: high | Macro: neutral
Thresholds: Drop <-1.0%, Rally >1.0%
Scanned: 5 stocks | Opportunities: 0

No opportunities detected.
Starting Enhanced Market Scan...
Fetching 10 quotes...
  ⚠️ SUNPHARMA: Failed
  ⚠️ DRREDDY: Failed
  ⚠️ CIPLA: Failed
  ⚠️ APOLLOHOSP: Failed
  ⚠️ RELIANCE: Failed
  ⚠️ DEEPAKNTR: Failed
  ⚠️ GODREJCP: Failed
  ⚠️ MARUTI: Failed
  ⚠️ BAJAJ-AUTO: Failed
  ⚠️ ONGC: Failed
No data - retry with new stocks
Fetching 10 quotes...
  ⚠️ LT: Failed
  ⚠️ KOTAKBANK: Failed
  ⚠️ HINDUNILVR: Failed
  ⚠️ COLPAL: Failed
  ⚠️ PIDILITIND: Failed
  ⚠️ TITAN: Failed
  ⚠️ TORNTPHARM: Failed
  ⚠️ MFSL: Failed
  ⚠️ ADANIPOWER: Failed
  ⚠️ CONCOR: Failed
Still no data. API may be rate-limited.
Starting Enhanced Market Scan...
Fetching 10 quotes...
  ⚠️ AARTIIND: Failed
  ⚠️ DEEPAKNTR: Failed
  ⚠️ GODREJCP: Failed
  ⚠️ MARUTI: Failed
  ⚠️ BAJAJ-AUTO: Failed
  ⚠️ LT: Failed
  ⚠️ KOTAKBANK: Failed
  ⚠️ HINDUNILVR: Failed
  ⚠️ COLPAL: Failed
  ⚠️ PIDILITIND: Failed
No data - retry with new stocks
Fetching 10 quotes...
  ⚠️ SUNPHARMA: Failed
  ⚠️ DRREDDY: Failed
  ⚠️ CIPLA: Failed
  ⚠️ APOLLOHOSP: Failed
  ⚠️ RELIANCE: Failed
  ⚠️ TCS: Failed
  ⚠️ HDFCBANK: Failed
  ⚠️ INFY: Failed
  ⚠️ ICICIBANK: Failed
  ⚠️ SBIN: Failed
Still no data. API may be rate-limited.
Starting Enhanced Market Scan...
Fetching 10 quotes...
  ✅ BHARTIARTL: ₹1819.95 (-1.12%)
  ✅ LT: ₹4010.00 (-1.09%)
  ✅ KOTAKBANK: ₹371.20 (+0.22%)
  ✅ HINDUNILVR: ₹2325.30 (-1.71%)
  ✅ COLPAL: ₹2172.60 (+1.03%)
  ✅ SUNPHARMA: ₹1618.50 (-3.65%)
  ✅ DRREDDY: ₹1315.85 (-1.29%)
  ✅ CIPLA: ₹1294.75 (-0.85%)
  ✅ APOLLOHOSP: ₹7725.65 (-0.59%)
  ✅ RELIANCE: ₹1327.65 (-1.15%)

=======================================================
MARKET SCAN - 2026-04-27 08:00
=======================================================
Sensitivity: high | Macro: neutral
Thresholds: Drop <-1.0%, Rally >1.0%
Scanned: 10 stocks | Opportunities: 9

WATCH (30-50):
  SUNPHARMA.BSE ₹1618.50 (-3.65%) | 45

Top Movers:
  Gainers: COLPAL.BSE:+1.0%, KOTAKBANK.BSE:+0.2%, APOLLOHOSP.BSE:+-0.6%
  Losers: SUNPHARMA.BSE:-3.7%, HINDUNILVR.BSE:-1.7%, DRREDDY.BSE:-1.3%
=======================================================
Starting Enhanced Market Scan...
Fetching 10 quotes...
  ✅ CONCOR: ₹513.80 (+2.21%)
  ✅ AARTIIND: ₹488.85 (+3.52%)
  ⚠️ DEEPAKNTR: Failed
  ✅ GODREJCP: ₹1089.40 (-0.02%)
  ✅ MARUTI: ₹13225.65 (+1.37%)
  ✅ SUNPHARMA: ₹1733.80 (+7.03%)
  ✅ DRREDDY: ₹1334.55 (+1.42%)
  ✅ CIPLA: ₹1317.15 (+1.73%)
  ✅ APOLLOHOSP: ₹7819.75 (+1.22%)
  ✅ RELIANCE: ₹1365.95 (+2.88%)

=======================================================
MARKET SCAN - 2026-04-28 08:00
=======================================================
Sensitivity: high | Macro: neutral
Thresholds: Drop <-1.0%, Rally >1.0%
Scanned: 9 stocks | Opportunities: 9


Top Movers:
  Gainers: SUNPHARMA.BSE:+7.0%, AARTIIND.BSE:+3.5%, RELIANCE.BSE:+2.9%
  Losers: GODREJCP.BSE:-0.0%, APOLLOHOSP.BSE:1.2%, MARUTI.BSE:1.4%
=======================================================
Starting Enhanced Market Scan...
Fetching 10 quotes...
  ✅ NTPC: ₹406.55 (-0.89%)
  ✅ POWERGRID: ₹318.95 (-0.59%)
  ✅ SBIN: ₹1090.90 (-1.88%)
  ✅ BHARTIARTL: ₹1845.45 (+1.43%)
  ✅ LT: ₹4037.05 (-0.34%)
  ✅ SUNPHARMA: ₹1747.70 (+0.80%)
  ✅ DRREDDY: ₹1354.75 (+1.51%)
  ✅ CIPLA: ₹1308.05 (-0.69%)
  ✅ APOLLOHOSP: ₹7751.05 (-0.88%)
  ✅ RELIANCE: ₹1388.90 (+1.68%)

=======================================================
MARKET SCAN - 2026-04-29 08:00
=======================================================
Sensitivity: high | Macro: neutral
Thresholds: Drop <-1.0%, Rally >1.0%
Scanned: 10 stocks | Opportunities: 7


Top Movers:
  Gainers: RELIANCE.BSE:+1.7%, DRREDDY.BSE:+1.5%, BHARTIARTL.BSE:+1.4%
  Losers: SBIN.BSE:-1.9%, NTPC.BSE:-0.9%, APOLLOHOSP.BSE:-0.9%
=======================================================
Starting Enhanced Market Scan...
Fetching 10 quotes...
  ✅ SBIN: ₹1086.40 (-0.41%)
  ✅ BHARTIARTL: ₹1887.95 (+2.30%)
  ✅ LT: ₹4095.75 (+1.45%)
  ✅ KOTAKBANK: ₹381.60 (+1.01%)
  ✅ HINDUNILVR: ₹2313.05 (+1.08%)
  ✅ ICICIBANK: ₹1280.50 (-0.87%)
  ⚠️ DEEPAKNTR: Failed
  ✅ SUNPHARMA: ₹1778.95 (+1.79%)
  ✅ DRREDDY: ₹1330.10 (-1.82%)
  ✅ CIPLA: ₹1316.65 (+0.66%)

=======================================================
MARKET SCAN - 2026-04-30 08:00
=======================================================
Sensitivity: high | Macro: neutral
Thresholds: Drop <-1.0%, Rally >1.0%
Scanned: 9 stocks | Opportunities: 6

WATCH (30-50):
  DRREDDY.BSE ₹1330.10 (-1.82%) | 35

Top Movers:
  Gainers: BHARTIARTL.BSE:+2.3%, SUNPHARMA.BSE:+1.8%, LT.BSE:+1.5%
  Losers: DRREDDY.BSE:-1.8%, ICICIBANK.BSE:-0.9%, SBIN.BSE:-0.4%
=======================================================
Starting Enhanced Market Scan...
Fetching 10 quotes...
  ✅ MFSL: ₹1586.20 (-1.43%)
  ✅ ADANIPOWER: ₹222.05 (+1.35%)
  ✅ CONCOR: ₹508.75 (-1.17%)
  ✅ AARTIIND: ₹507.20 (+0.99%)
  ✅ GODREJCP: ₹1066.80 (-2.07%)
  ⚠️ DEEPAKNTR: Failed
  ✅ SUNPHARMA: ₹1808.20 (+1.64%)
  ✅ DRREDDY: ₹1322.95 (-0.54%)
  ✅ CIPLA: ₹1309.90 (-0.51%)
  ✅ APOLLOHOSP: ₹7639.20 (-0.84%)

=======================================================
MARKET SCAN - 2026-05-01 08:00
=======================================================
Sensitivity: high | Macro: neutral
Thresholds: Drop <-1.0%, Rally >1.0%
Scanned: 9 stocks | Opportunities: 6

WATCH (30-50):
  GODREJCP.BSE ₹1066.80 (-2.07%) | 35

Top Movers:
  Gainers: SUNPHARMA.BSE:+1.6%, ADANIPOWER.BSE:+1.3%, AARTIIND.BSE:+1.0%
  Losers: GODREJCP.BSE:-2.1%, MFSL.BSE:-1.4%, CONCOR.BSE:-1.2%
=======================================================
Starting Enhanced Market Scan...
Fetching 10 quotes...
  ✅ ONGC: ₹299.35 (-0.65%)
  ✅ COALINDIA: ₹481.35 (+0.35%)
  ✅ NTPC: ₹399.15 (-0.50%)
  ✅ POWERGRID: ₹318.25 (-0.66%)
  ✅ SBIN: ₹1068.00 (-1.69%)
  ✅ SUNPHARMA: ₹1808.20 (+1.64%)
  ✅ DRREDDY: ₹1322.95 (-0.54%)
  ✅ CIPLA: ₹1309.90 (-0.51%)
  ✅ APOLLOHOSP: ₹7639.20 (-0.84%)
  ✅ RELIANCE: ₹1430.85 (+0.33%)

=======================================================
MARKET SCAN - 2026-05-04 08:00
=======================================================
Sensitivity: high | Macro: neutral
Thresholds: Drop <-1.0%, Rally >1.0%
Scanned: 10 stocks | Opportunities: 5


Top Movers:
  Gainers: SUNPHARMA.BSE:+1.6%, COALINDIA.BSE:+0.4%, RELIANCE.BSE:+0.3%
  Losers: SBIN.BSE:-1.7%, APOLLOHOSP.BSE:-0.8%, POWERGRID.BSE:-0.7%
=======================================================
Starting Enhanced Market Scan...
Fetching 10 quotes...
  ✅ SBIN: ₹1068.30 (+0.03%)
  ✅ BHARTIARTL: ₹1826.90 (-3.14%)
  ✅ LT: ₹4100.20 (+2.18%)
  ✅ KOTAKBANK: ₹371.85 (-2.82%)
  ✅ HINDUNILVR: ₹2309.05 (+2.60%)
  ✅ HDFCBANK: ₹777.90 (+0.87%)
  ✅ INFY: ₹1168.40 (-1.11%)
  ✅ ICICIBANK: ₹1270.95 (+0.65%)
  ⚠️ DEEPAKNTR: Failed
  ✅ SUNPHARMA: ₹1824.10 (+0.88%)

=======================================================
MARKET SCAN - 2026-05-05 08:00
=======================================================
Sensitivity: high | Macro: neutral
Thresholds: Drop <-1.0%, Rally >1.0%
Scanned: 9 stocks | Opportunities: 6

BUY (50-75):
  KOTAKBANK.BSE ₹371.85 (-2.82%) | 60
WATCH (30-50):
  BHARTIARTL.BSE ₹1826.90 (-3.14%) | 45

Top Movers:
  Gainers: HINDUNILVR.BSE:+2.6%, LT.BSE:+2.2%, SUNPHARMA.BSE:+0.9%
  Losers: BHARTIARTL.BSE:-3.1%, KOTAKBANK.BSE:-2.8%, INFY.BSE:-1.1%
=======================================================
Starting Enhanced Market Scan...
Fetching 10 quotes...
  ✅ TITAN: ₹4371.95 (+0.21%)
  ✅ TORNTPHARM: ₹4275.95 (+0.56%)
  ✅ MFSL: ₹1596.25 (-0.59%)
  ✅ ADANIPOWER: ₹229.90 (+1.05%)
  ✅ CONCOR: ₹517.70 (+0.26%)
  ⚠️ DEEPAKNTR: Failed
  ✅ SUNPHARMA: ₹1820.75 (-0.18%)
  ✅ DRREDDY: ₹1270.95 (-1.32%)
  ✅ CIPLA: ₹1333.55 (-0.10%)
  ✅ APOLLOHOSP: ₹7771.20 (+0.43%)

=======================================================
MARKET SCAN - 2026-05-06 08:00
=======================================================
Sensitivity: high | Macro: neutral
Thresholds: Drop <-1.0%, Rally >1.0%
Scanned: 9 stocks | Opportunities: 3

WATCH (30-50):
  ADANIPOWER.BSE ₹229.90 (+1.05%) | 40

Top Movers:
  Gainers: ADANIPOWER.BSE:+1.1%, TORNTPHARM.BSE:+0.6%, APOLLOHOSP.BSE:+0.4%
  Losers: DRREDDY.BSE:-1.3%, MFSL.BSE:-0.6%, SUNPHARMA.BSE:-0.2%
=======================================================
Starting Enhanced Market Scan...
Fetching 10 quotes...
  ✅ HEROMOTOCO: ₹5169.70 (+1.11%)
  ✅ EICHERMOT: ₹7311.35 (+0.21%)
  ✅ ONGC: ₹280.70 (-3.14%)
  ✅ COALINDIA: ₹469.75 (-0.57%)
  ✅ NTPC: ₹394.70 (-1.00%)
  ✅ SUNPHARMA: ₹1850.40 (+1.63%)
  ✅ DRREDDY: ₹1310.50 (+3.11%)
  ✅ CIPLA: ₹1365.25 (+2.38%)
  ✅ APOLLOHOSP: ₹7756.50 (-0.19%)
  ✅ RELIANCE: ₹1437.85 (-1.80%)

=======================================================
MARKET SCAN - 2026-05-07 08:00
=======================================================
Sensitivity: high | Macro: neutral
Thresholds: Drop <-1.0%, Rally >1.0%
Scanned: 10 stocks | Opportunities: 9

WATCH (30-50):
  ONGC.BSE ₹280.70 (-3.14%) | 45
  RELIANCE.BSE ₹1437.85 (-1.80%) | 35

Top Movers:
  Gainers: DRREDDY.BSE:+3.1%, CIPLA.BSE:+2.4%, SUNPHARMA.BSE:+1.6%
  Losers: ONGC.BSE:-3.1%, RELIANCE.BSE:-1.8%, NTPC.BSE:-1.0%
=======================================================
Starting Enhanced Market Scan...
Fetching 10 quotes...
  ⚠️ SBIN: Failed
  ⚠️ BHARTIARTL: Failed
  ⚠️ LT: Failed
  ⚠️ KOTAKBANK: Failed
  ⚠️ HINDUNILVR: Failed
  ⚠️ RELIANCE: Failed
  ⚠️ TCS: Failed
  ⚠️ HDFCBANK: Failed
  ⚠️ INFY: Failed
  ⚠️ ICICIBANK: Failed
No data - retry with new stocks
Fetching 10 quotes...
  ⚠️ PIDILITIND: Failed
  ⚠️ TITAN: Failed
  ⚠️ TORNTPHARM: Failed
  ⚠️ MFSL: Failed
  ⚠️ ADANIPOWER: Failed
  ⚠️ CONCOR: Failed
  ⚠️ AARTIIND: Failed
  ⚠️ DEEPAKNTR: Failed
  ⚠️ GODREJCP: Failed
  ⚠️ MARUTI: Failed
Still no data. API may be rate-limited.
Starting Enhanced Market Scan...
Fetching 10 quotes...
  ✅ BAJAJ-AUTO: ₹10710.85 (+0.98%)
  ✅ HEROMOTOCO: ₹5321.50 (-0.38%)
  ✅ EICHERMOT: ₹7300.10 (-0.40%)
  ✅ ONGC: ₹279.25 (-1.66%)
  ✅ COALINDIA: ₹456.35 (-2.15%)
  ✅ PIDILITIND: ₹1476.15 (+1.72%)
  ✅ TITAN: ₹4513.40 (+4.76%)
  ✅ TORNTPHARM: ₹4380.35 (+0.49%)
  ✅ MFSL: ₹1698.40 (-0.43%)
  ✅ ADANIPOWER: ₹225.15 (-2.17%)

=======================================================
MARKET SCAN - 2026-05-11 08:00
=======================================================
Sensitivity: high | Macro: neutral
Thresholds: Drop <-1.0%, Rally >1.0%
Scanned: 10 stocks | Opportunities: 8

WATCH (30-50):
  ADANIPOWER.BSE ₹225.15 (-2.17%) | 35

Top Movers:
  Gainers: TITAN.BSE:+4.8%, PIDILITIND.BSE:+1.7%, BAJAJ-AUTO.BSE:+1.0%
  Losers: ADANIPOWER.BSE:-2.2%, COALINDIA.BSE:-2.2%, ONGC.BSE:-1.7%
=======================================================
Starting Enhanced Market Scan...
Fetching 10 quotes...
  ✅ APOLLOHOSP: ₹8080.95 (-0.17%)
  ✅ RELIANCE: ₹1388.15 (-3.31%)
  ✅ TCS: ₹2392.45 (-0.10%)
  ✅ HDFCBANK: ₹764.55 (-2.13%)
  ⚠️ INFY: Failed
  ✅ PIDILITIND: ₹1436.40 (-2.69%)
  ✅ TITAN: ₹4205.35 (-6.83%)
  ✅ TORNTPHARM: ₹4519.25 (+3.17%)
  ⚠️ MFSL: Failed
  ✅ ADANIPOWER: ₹222.10 (-1.35%)

=======================================================
MARKET SCAN - 2026-05-12 08:00
=======================================================
Sensitivity: high | Macro: neutral
Thresholds: Drop <-1.0%, Rally >1.0%
Scanned: 8 stocks | Opportunities: 6

WATCH (30-50):
  RELIANCE.BSE ₹1388.15 (-3.31%) | 45
  PIDILITIND.BSE ₹1436.40 (-2.69%) | 45
  TITAN.BSE ₹4205.35 (-6.83%) | 45
  HDFCBANK.BSE ₹764.55 (-2.13%) | 40

Top Movers:
  Gainers: TORNTPHARM.BSE:+3.2%, TCS.BSE:+-0.1%, APOLLOHOSP.BSE:+-0.2%
  Losers: TITAN.BSE:-6.8%, RELIANCE.BSE:-3.3%, PIDILITIND.BSE:-2.7%
=======================================================
Starting Enhanced Market Scan...
Fetching 10 quotes...
  ✅ HINDUNILVR: ₹2266.70 (-1.76%)
  ✅ COLPAL: ₹2127.70 (-0.44%)
  ✅ MARUTI: ₹13172.25 (-2.30%)
  ✅ BAJAJ-AUTO: ₹10383.35 (-1.99%)
  ✅ HEROMOTOCO: ₹5084.35 (-2.80%)
  ✅ PIDILITIND: ₹1453.00 (+1.16%)
  ✅ TITAN: ₹4054.05 (-3.60%)
  ✅ TORNTPHARM: ₹4380.05 (-3.08%)
  ✅ MFSL: ₹1653.05 (-2.46%)
  ✅ ADANIPOWER: ₹209.60 (-5.63%)

=======================================================
MARKET SCAN - 2026-05-13 08:00
=======================================================
Sensitivity: high | Macro: neutral
Thresholds: Drop <-1.0%, Rally >1.0%
Scanned: 10 stocks | Opportunities: 9

BUY (50-75):
  ADANIPOWER.BSE ₹209.60 (-5.63%) | 60
WATCH (30-50):
  HEROMOTOCO.BSE ₹5084.35 (-2.80%) | 45
  TITAN.BSE ₹4054.05 (-3.60%) | 45
  TORNTPHARM.BSE ₹4380.05 (-3.08%) | 45
  HINDUNILVR.BSE ₹2266.70 (-1.76%) | 35
  MARUTI.BSE ₹13172.25 (-2.30%) | 35

Top Movers:
  Gainers: PIDILITIND.BSE:+1.2%, COLPAL.BSE:+-0.4%, HINDUNILVR.BSE:+-1.8%
  Losers: ADANIPOWER.BSE:-5.6%, TITAN.BSE:-3.6%, TORNTPHARM.BSE:-3.1%
=======================================================
Starting Enhanced Market Scan...
Fetching 10 quotes...
  ✅ MARUTI: ₹13104.90 (-0.51%)
  ✅ BAJAJ-AUTO: ₹10258.10 (-1.21%)
  ✅ HEROMOTOCO: ₹4994.85 (-1.76%)
  ✅ EICHERMOT: ₹6968.30 (-2.19%)
  ✅ ONGC: ₹297.15 (+0.64%)
  ✅ GODREJCP: ₹1031.60 (+0.10%)
  ⚠️ INFY: Failed
  ✅ PIDILITIND: ₹1444.80 (-0.56%)
  ✅ TITAN: ₹4092.40 (+0.95%)
  ⚠️ TORNTPHARM: Failed

=======================================================
MARKET SCAN - 2026-05-14 08:00
=======================================================
Sensitivity: high | Macro: neutral
Thresholds: Drop <-1.0%, Rally >1.0%
Scanned: 8 stocks | Opportunities: 7

WATCH (30-50):
  HEROMOTOCO.BSE ₹4994.85 (-1.76%) | 35
  EICHERMOT.BSE ₹6968.30 (-2.19%) | 35

Top Movers:
  Gainers: TITAN.BSE:+0.9%, ONGC.BSE:+0.6%, GODREJCP.BSE:+0.1%
  Losers: EICHERMOT.BSE:-2.2%, HEROMOTOCO.BSE:-1.8%, BAJAJ-AUTO.BSE:-1.2%
=======================================================
Starting Enhanced Market Scan...
Fetching 10 quotes...
  ⚠️ DRREDDY: Failed
  ⚠️ CIPLA: Failed
  ⚠️ APOLLOHOSP: Failed
  ⚠️ RELIANCE: Failed
  ⚠️ TCS: Failed
  ⚠️ INFY: Failed
  ⚠️ PIDILITIND: Failed
  ⚠️ TITAN: Failed
  ⚠️ TORNTPHARM: Failed
  ⚠️ MFSL: Failed
No data - retry with new stocks
Fetching 10 quotes...
  ⚠️ KOTAKBANK: Failed
  ⚠️ HINDUNILVR: Failed
  ⚠️ COLPAL: Failed
  ⚠️ PIDILITIND: Failed
  ⚠️ TITAN: Failed
  ⚠️ TORNTPHARM: Failed
  ⚠️ MFSL: Failed
  ⚠️ ADANIPOWER: Failed
  ⚠️ CONCOR: Failed
  ⚠️ AARTIIND: Failed
Still no data. API may be rate-limited.
Starting Enhanced Market Scan...
Fetching 10 quotes...
  ⚠️ DEEPAKNTR: Failed
  ✅ GODREJCP: ₹1038.90 (+0.53%)
  ✅ MARUTI: ₹13225.85 (+1.14%)
  ✅ BAJAJ-AUTO: ₹10378.10 (-0.70%)
  ✅ HEROMOTOCO: ₹5065.30 (-0.20%)
  ✅ KOTAKBANK: ₹387.30 (+1.08%)
  ✅ HINDUNILVR: ₹2271.00 (+1.00%)
  ✅ COLPAL: ₹2159.75 (+0.70%)
  ✅ PIDILITIND: ₹1466.45 (-1.18%)
  ⚠️ TITAN: Failed

=======================================================
MARKET SCAN - 2026-05-18 08:00
=======================================================
Sensitivity: high | Macro: neutral
Thresholds: Drop <-1.0%, Rally >1.0%
Scanned: 8 stocks | Opportunities: 6


Top Movers:
  Gainers: MARUTI.BSE:+1.1%, KOTAKBANK.BSE:+1.1%, HINDUNILVR.BSE:+1.0%
  Losers: PIDILITIND.BSE:-1.2%, BAJAJ-AUTO.BSE:-0.7%, HEROMOTOCO.BSE:-0.2%
=======================================================
Starting Enhanced Market Scan...
Fetching 10 quotes...
  ✅ SUNPHARMA: ₹1905.20 (+1.34%)
  ✅ DRREDDY: ₹1331.40 (-0.42%)
  ⚠️ CIPLA: Failed
  ✅ APOLLOHOSP: ₹8021.10 (-0.75%)
  ✅ RELIANCE: ₹1335.20 (-0.09%)
  ⚠️ KOTAKBANK: Failed
  ✅ HINDUNILVR: ₹2254.90 (-0.71%)
  ⚠️ COLPAL: Failed
  ✅ PIDILITIND: ₹1449.60 (-1.15%)
  ⚠️ TORNTPHARM: Failed

=======================================================
MARKET SCAN - 2026-05-19 08:00
=======================================================
Sensitivity: high | Macro: neutral
Thresholds: Drop <-1.0%, Rally >1.0%
Scanned: 6 stocks | Opportunities: 2


Top Movers:
  Gainers: SUNPHARMA.BSE:+1.3%, RELIANCE.BSE:+-0.1%, DRREDDY.BSE:+-0.4%
  Losers: PIDILITIND.BSE:-1.1%, APOLLOHOSP.BSE:-0.7%, HINDUNILVR.BSE:-0.7%
=======================================================
Starting Enhanced Market Scan...
Fetching 10 quotes...
  ✅ BHARTIARTL: ₹1913.60 (-1.26%)
  ✅ LT: ₹3918.00 (-0.02%)
  ⚠️ TITAN: Failed
  ⚠️ DEEPAKNTR: Failed
  ⚠️ GODREJCP: Failed
  ✅ KOTAKBANK: ₹381.85 (-2.51%)
  ✅ HINDUNILVR: ₹2231.95 (-1.02%)
  ⚠️ COLPAL: Failed
  ✅ PIDILITIND: ₹1455.00 (+0.37%)
  ⚠️ TORNTPHARM: Failed

=======================================================
MARKET SCAN - 2026-05-20 08:00
=======================================================
Sensitivity: high | Macro: neutral
Thresholds: Drop <-1.0%, Rally >1.0%
Scanned: 5 stocks | Opportunities: 3

WATCH (30-50):
  KOTAKBANK.BSE ₹381.85 (-2.51%) | 45

Top Movers:
  Gainers: PIDILITIND.BSE:+0.4%, LT.BSE:+-0.0%, HINDUNILVR.BSE:+-1.0%
  Losers: KOTAKBANK.BSE:-2.5%, BHARTIARTL.BSE:-1.3%, HINDUNILVR.BSE:-1.0%
=======================================================
Starting Enhanced Market Scan...
Fetching 10 quotes...
  ✅ GODREJCP: ₹1022.90 (+0.05%)
  ✅ MARUTI: ₹12997.15 (+0.23%)
  ✅ BAJAJ-AUTO: ₹10463.15 (+2.58%)
  ⚠️ HEROMOTOCO: Failed
  ✅ EICHERMOT: ₹6851.00 (-0.47%)
  ✅ CONCOR: ₹503.45 (-0.38%)
  ✅ AARTIIND: ₹464.00 (-1.08%)
  ⚠️ DEEPAKNTR: Failed
  ✅ CIPLA: ₹1399.50 (-0.73%)
  ✅ KOTAKBANK: ₹383.15 (+0.34%)

=======================================================
MARKET SCAN - 2026-05-21 08:00
=======================================================
Sensitivity: high | Macro: neutral
Thresholds: Drop <-1.0%, Rally >1.0%
Scanned: 8 stocks | Opportunities: 6


Top Movers:
  Gainers: BAJAJ-AUTO.BSE:+2.6%, KOTAKBANK.BSE:+0.3%, MARUTI.BSE:+0.2%
  Losers: AARTIIND.BSE:-1.1%, CIPLA.BSE:-0.7%, EICHERMOT.BSE:-0.5%
=======================================================
Starting Enhanced Market Scan...
Fetching 10 quotes...
  ✅ NTPC: ₹388.95 (-0.92%)
  ✅ POWERGRID: ₹299.60 (-0.15%)
  ✅ SUNPHARMA: ₹1891.15 (+0.57%)
  ✅ DRREDDY: ₹1318.35 (-0.27%)
  ✅ APOLLOHOSP: ₹8304.10 (+2.54%)
  ✅ CIPLA: ₹1401.65 (+0.15%)
  ✅ KOTAKBANK: ₹380.75 (-0.63%)
  ✅ HINDUNILVR: ₹2178.80 (-1.37%)
  ⚠️ PIDILITIND: Failed
  ✅ TITAN: ₹4083.75 (-0.54%)

=======================================================
MARKET SCAN - 2026-05-22 08:00
=======================================================
Sensitivity: high | Macro: neutral
Thresholds: Drop <-1.0%, Rally >1.0%
Scanned: 9 stocks | Opportunities: 4


Top Movers:
  Gainers: APOLLOHOSP.BSE:+2.5%, SUNPHARMA.BSE:+0.6%, CIPLA.BSE:+0.2%
  Losers: HINDUNILVR.BSE:-1.4%, NTPC.BSE:-0.9%, KOTAKBANK.BSE:-0.6%
=======================================================
Starting Enhanced Market Scan...
Fetching 10 quotes...
  ✅ ICICIBANK: ₹1264.90 (+1.77%)
  ⚠️ SBIN: Failed
  ✅ BHARTIARTL: ₹1871.40 (-0.73%)
  ⚠️ LT: Failed
  ✅ COLPAL: ₹2157.50 (-0.32%)
  ✅ KOTAKBANK: ₹384.20 (+0.91%)
  ✅ HINDUNILVR: ₹2202.00 (+1.06%)
  ✅ PIDILITIND: ₹1480.10 (+0.61%)
  ✅ TITAN: ₹4080.95 (-0.07%)
  ✅ ADANIPOWER: ₹219.30 (-0.05%)

=======================================================
MARKET SCAN - 2026-05-25 08:00
=======================================================
Sensitivity: high | Macro: neutral
Thresholds: Drop <-1.0%, Rally >1.0%
Scanned: 8 stocks | Opportunities: 4


Top Movers:
  Gainers: ICICIBANK.BSE:+1.8%, HINDUNILVR.BSE:+1.1%, KOTAKBANK.BSE:+0.9%
  Losers: BHARTIARTL.BSE:-0.7%, COLPAL.BSE:-0.3%, TITAN.BSE:-0.1%
=======================================================
Starting Enhanced Market Scan...
Fetching 10 quotes...
  ✅ MFSL: ₹1727.75 (+2.85%)
  ⚠️ DEEPAKNTR: Failed
  ⚠️ GODREJCP: Failed
  ✅ MARUTI: ₹13170.70 (+1.41%)
  ✅ BAJAJ-AUTO: ₹10491.30 (-0.53%)
  ⚠️ ADANIPOWER: Failed
  ✅ CONCOR: ₹512.30 (+1.29%)
  ⚠️ AARTIIND: Failed
  ✅ HEROMOTOCO: ₹4980.85 (+0.31%)
  ⚠️ CIPLA: Failed

=======================================================
MARKET SCAN - 2026-05-26 08:00
=======================================================
Sensitivity: high | Macro: neutral
Thresholds: Drop <-1.0%, Rally >1.0%
Scanned: 5 stocks | Opportunities: 5


Top Movers:
  Gainers: MFSL.BSE:+2.9%, MARUTI.BSE:+1.4%, CONCOR.BSE:+1.3%
  Losers: BAJAJ-AUTO.BSE:-0.5%, HEROMOTOCO.BSE:0.3%, CONCOR.BSE:1.3%
=======================================================
Starting Enhanced Market Scan...
Fetching 10 quotes...
  ✅ ONGC: ₹287.50 (+0.89%)
  ✅ COALINDIA: ₹458.25 (+0.05%)
  ⚠️ NTPC: Failed
  ✅ POWERGRID: ₹292.65 (-0.88%)
  ✅ SUNPHARMA: ₹1840.55 (-0.04%)
  ⚠️ CIPLA: Failed
  ✅ SBIN: ₹968.60 (-0.13%)
  ⚠️ LT: Failed
  ✅ HINDUNILVR: ₹2209.55 (+0.55%)
  ✅ PIDILITIND: ₹1478.30 (+0.10%)

=======================================================
MARKET SCAN - 2026-05-27 08:00
=======================================================
Sensitivity: high | Macro: neutral
Thresholds: Drop <-1.0%, Rally >1.0%
Scanned: 7 stocks | Opportunities: 1


Top Movers:
  Gainers: ONGC.BSE:+0.9%, HINDUNILVR.BSE:+0.6%, PIDILITIND.BSE:+0.1%
  Losers: POWERGRID.BSE:-0.9%, SBIN.BSE:-0.1%, SUNPHARMA.BSE:-0.0%
=======================================================
Starting Enhanced Market Scan...
Fetching 10 quotes...
  ✅ HDFCBANK: ₹758.50 (-2.63%)
  ⚠️ INFY: Failed
  ✅ ICICIBANK: ₹1272.80 (-0.50%)
  ⚠️ BHARTIARTL: Failed
  ✅ KOTAKBANK: ₹388.35 (-0.09%)
  ✅ SBIN: ₹967.65 (-0.10%)
  ✅ LT: ₹4045.80 (+0.20%)
  ⚠️ PIDILITIND: Failed
  ✅ ADANIPOWER: ₹248.75 (+1.72%)
  ⚠️ CONCOR: Failed

=======================================================
MARKET SCAN - 2026-05-28 08:00
=======================================================
Sensitivity: high | Macro: neutral
Thresholds: Drop <-1.0%, Rally >1.0%
Scanned: 6 stocks | Opportunities: 3

BUY (50-75):
  HDFCBANK.BSE ₹758.50 (-2.63%) | 60
WATCH (30-50):
  ADANIPOWER.BSE ₹248.75 (+1.72%) | 40

Top Movers:
  Gainers: ADANIPOWER.BSE:+1.7%, LT.BSE:+0.2%, KOTAKBANK.BSE:+-0.1%
  Losers: HDFCBANK.BSE:-2.6%, ICICIBANK.BSE:-0.5%, SBIN.BSE:-0.1%
=======================================================
Starting Enhanced Market Scan...
Fetching 10 quotes...
  ✅ TITAN: ₹4140.25 (+0.84%)
  ✅ TORNTPHARM: ₹4540.90 (+2.02%)
  ✅ MFSL: ₹1682.75 (-2.43%)
  ✅ AARTIIND: ₹500.45 (+1.98%)
  ✅ MARUTI: ₹13365.85 (+1.22%)
  ⚠️ ADANIPOWER: Failed
  ✅ CONCOR: ₹472.45 (-0.77%)
  ⚠️ DEEPAKNTR: Failed
  ✅ GODREJCP: ₹1044.45 (+1.19%)
  ✅ HEROMOTOCO: ₹5074.30 (+1.83%)

=======================================================
MARKET SCAN - 2026-05-29 08:00
=======================================================
Sensitivity: high | Macro: neutral
Thresholds: Drop <-1.0%, Rally >1.0%
Scanned: 8 stocks | Opportunities: 7

WATCH (30-50):
  MFSL.BSE ₹1682.75 (-2.43%) | 35

Top Movers:
  Gainers: TORNTPHARM.BSE:+2.0%, AARTIIND.BSE:+2.0%, HEROMOTOCO.BSE:+1.8%
  Losers: MFSL.BSE:-2.4%, CONCOR.BSE:-0.8%, TITAN.BSE:0.8%
=======================================================
Starting Enhanced Market Scan...
Fetching 10 quotes...
  ✅ EICHERMOT: ₹7177.80 (-3.26%)
  ✅ ONGC: ₹266.00 (-2.90%)
  ✅ COALINDIA: ₹457.60 (-1.15%)
  ✅ POWERGRID: ₹289.75 (-3.46%)
  ✅ SUNPHARMA: ₹1800.90 (-2.39%)
  ✅ HEROMOTOCO: ₹4898.40 (-3.47%)
  ✅ NTPC: ₹386.75 (-2.86%)
  ✅ CIPLA: ₹1398.50 (-1.39%)
  ✅ BHARTIARTL: ₹1829.70 (-1.16%)
  ✅ LT: ₹4076.65 (+0.76%)

=======================================================
MARKET SCAN - 2026-06-01 08:00
=======================================================
Sensitivity: high | Macro: neutral
Thresholds: Drop <-1.0%, Rally >1.0%
Scanned: 10 stocks | Opportunities: 10

WATCH (30-50):
  EICHERMOT.BSE ₹7177.80 (-3.26%) | 45
  ONGC.BSE ₹266.00 (-2.90%) | 45
  POWERGRID.BSE ₹289.75 (-3.46%) | 45
  HEROMOTOCO.BSE ₹4898.40 (-3.47%) | 45
  NTPC.BSE ₹386.75 (-2.86%) | 45

Top Movers:
  Gainers: LT.BSE:+0.8%, COALINDIA.BSE:+-1.1%, BHARTIARTL.BSE:+-1.2%
  Losers: HEROMOTOCO.BSE:-3.5%, POWERGRID.BSE:-3.5%, EICHERMOT.BSE:-3.3%
=======================================================
Starting Enhanced Market Scan...
Fetching 10 quotes...
  ✅ RELIANCE: ₹1320.30 (-0.02%)
  ✅ TCS: ₹2297.95 (+1.95%)
  ✅ HDFCBANK: ₹742.65 (-0.28%)
  ⚠️ INFY: Failed
  ✅ ICICIBANK: ₹1239.50 (-1.31%)
  ⚠️ BHARTIARTL: Failed
  ✅ LT: ₹4009.35 (-1.65%)
  ⚠️ PIDILITIND: Failed
  ✅ ADANIPOWER: ₹232.25 (-4.62%)
  ✅ CONCOR: ₹464.55 (+0.02%)

=======================================================
MARKET SCAN - 2026-06-02 08:00
=======================================================
Sensitivity: high | Macro: neutral
Thresholds: Drop <-1.0%, Rally >1.0%
Scanned: 7 stocks | Opportunities: 5

BUY (50-75):
  ADANIPOWER.BSE ₹232.25 (-4.62%) | 60

Top Movers:
  Gainers: TCS.BSE:+2.0%, CONCOR.BSE:+0.0%, RELIANCE.BSE:+-0.0%
  Losers: ADANIPOWER.BSE:-4.6%, LT.BSE:-1.7%, ICICIBANK.BSE:-1.3%
=======================================================
Starting Enhanced Market Scan...
Fetching 10 quotes...
  ✅ COLPAL: ₹1998.65 (+0.42%)
  ✅ TITAN: ₹4079.05 (+1.34%)
  ✅ TORNTPHARM: ₹4314.25 (-0.79%)
  ✅ MFSL: ₹1595.40 (-1.85%)
  ✅ CONCOR: ₹459.20 (-1.15%)
  ✅ PIDILITIND: ₹1454.65 (-0.14%)
  ✅ ADANIPOWER: ₹235.90 (+1.57%)
  ⚠️ DEEPAKNTR: Failed
  ✅ GODREJCP: ₹999.05 (-1.00%)
  ⚠️ HEROMOTOCO: Failed

=======================================================
MARKET SCAN - 2026-06-03 08:00
=======================================================
Sensitivity: high | Macro: neutral
Thresholds: Drop <-1.0%, Rally >1.0%
Scanned: 8 stocks | Opportunities: 7


Top Movers:
  Gainers: ADANIPOWER.BSE:+1.6%, TITAN.BSE:+1.3%, COLPAL.BSE:+0.4%
  Losers: MFSL.BSE:-1.8%, CONCOR.BSE:-1.2%, GODREJCP.BSE:-1.0%
=======================================================
Starting Enhanced Market Scan...
Fetching 10 quotes...
  ✅ MARUTI: ₹13053.90 (+0.22%)
  ✅ BAJAJ-AUTO: ₹10252.70 (-0.27%)
  ✅ EICHERMOT: ₹7121.80 (-0.26%)
  ✅ ONGC: ₹267.85 (+1.06%)
  ✅ COALINDIA: ₹472.65 (+0.11%)
  ✅ HEROMOTOCO: ₹4842.50 (-0.66%)
  ✅ NTPC: ₹366.65 (-0.23%)
  ✅ CIPLA: ₹1375.05 (-0.28%)
  ✅ INFY: ₹1222.20 (-3.82%)
  ✅ BHARTIARTL: ₹1824.35 (+0.58%)

=======================================================
MARKET SCAN - 2026-06-04 08:00
=======================================================
Sensitivity: high | Macro: neutral
Thresholds: Drop <-1.0%, Rally >1.0%
Scanned: 10 stocks | Opportunities: 5

WATCH (30-50):
  INFY.BSE ₹1222.20 (-3.82%) | 45

Top Movers:
  Gainers: ONGC.BSE:+1.1%, BHARTIARTL.BSE:+0.6%, MARUTI.BSE:+0.2%
  Losers: INFY.BSE:-3.8%, HEROMOTOCO.BSE:-0.7%, CIPLA.BSE:-0.3%
=======================================================
Starting Enhanced Market Scan...
Fetching 10 quotes...
  ✅ APOLLOHOSP: ₹8249.30 (-0.41%)
  ⚠️ RELIANCE: Failed
  ✅ TCS: ₹2239.60 (-0.09%)
  ✅ HDFCBANK: ₹754.55 (+0.12%)
  ✅ ICICIBANK: ₹1252.30 (+0.80%)
  ✅ CIPLA: ₹1397.75 (+1.65%)
  ✅ INFY: ₹1200.65 (-1.76%)
  ✅ BHARTIARTL: ₹1818.35 (-0.33%)
  ✅ LT: ₹3939.50 (-0.36%)
  ⚠️ PIDILITIND: Failed

=======================================================
MARKET SCAN - 2026-06-05 08:00
=======================================================
Sensitivity: high | Macro: neutral
Thresholds: Drop <-1.0%, Rally >1.0%
Scanned: 8 stocks | Opportunities: 3


Top Movers:
  Gainers: CIPLA.BSE:+1.7%, ICICIBANK.BSE:+0.8%, HDFCBANK.BSE:+0.1%
  Losers: INFY.BSE:-1.8%, APOLLOHOSP.BSE:-0.4%, LT.BSE:-0.4%
=======================================================
Starting Enhanced Market Scan...
Fetching 10 quotes...
  ✅ KOTAKBANK: ₹377.50 (-1.01%)
  ✅ HINDUNILVR: ₹2120.80 (+2.05%)
  ✅ COLPAL: ₹1999.35 (-0.23%)
  ✅ TITAN: ₹4260.00 (+0.78%)
  ✅ TORNTPHARM: ₹4418.70 (+1.87%)
  ✅ PIDILITIND: ₹1476.50 (+0.39%)
  ✅ ADANIPOWER: ₹232.55 (+1.09%)
  ⚠️ DEEPAKNTR: Failed
  ⚠️ GODREJCP: Failed
  ✅ HEROMOTOCO: ₹4837.05 (-0.95%)

=======================================================
MARKET SCAN - 2026-06-08 08:00
=======================================================
Sensitivity: high | Macro: neutral
Thresholds: Drop <-1.0%, Rally >1.0%
Scanned: 8 stocks | Opportunities: 5


Top Movers:
  Gainers: HINDUNILVR.BSE:+2.1%, TORNTPHARM.BSE:+1.9%, ADANIPOWER.BSE:+1.1%
  Losers: KOTAKBANK.BSE:-1.0%, HEROMOTOCO.BSE:-1.0%, COLPAL.BSE:-0.2%
=======================================================
Starting Enhanced Market Scan...
Fetching 10 quotes...
  ✅ MARUTI: ₹12909.15 (-1.07%)
  ✅ BAJAJ-AUTO: ₹10213.30 (-1.23%)
  ✅ EICHERMOT: ₹7053.25 (-0.22%)
  ✅ ONGC: ₹264.60 (-0.02%)
  ✅ COALINDIA: ₹465.25 (-1.49%)
  ⚠️ DEEPAKNTR: Failed
  ✅ GODREJCP: ₹995.95 (-0.27%)
  ✅ HEROMOTOCO: ₹4776.35 (-1.25%)
  ✅ NTPC: ₹362.75 (+0.30%)
  ✅ CIPLA: ₹1388.25 (-0.89%)

=======================================================
MARKET SCAN - 2026-06-09 08:00
=======================================================
Sensitivity: high | Macro: neutral
Thresholds: Drop <-1.0%, Rally >1.0%
Scanned: 9 stocks | Opportunities: 6


Top Movers:
  Gainers: NTPC.BSE:+0.3%, ONGC.BSE:+-0.0%, EICHERMOT.BSE:+-0.2%
  Losers: COALINDIA.BSE:-1.5%, HEROMOTOCO.BSE:-1.3%, BAJAJ-AUTO.BSE:-1.2%
=======================================================
Starting Enhanced Market Scan...
Fetching 10 quotes...
  ✅ SUNPHARMA: ₹1779.40 (-0.51%)
  ✅ DRREDDY: ₹1268.75 (-0.55%)
  ⚠️ APOLLOHOSP: Failed
  ✅ TCS: ₹2149.55 (-0.09%)
  ✅ HDFCBANK: ₹738.40 (-0.02%)
  ⚠️ CIPLA: Failed
  ✅ RELIANCE: ₹1269.60 (+0.46%)
  ⚠️ INFY: Failed
  ✅ LT: ₹3900.50 (+0.66%)
  ✅ PIDILITIND: ₹1481.80 (+1.56%)

=======================================================
MARKET SCAN - 2026-06-10 08:00
=======================================================
Sensitivity: high | Macro: neutral
Thresholds: Drop <-1.0%, Rally >1.0%
Scanned: 7 stocks | Opportunities: 1


Top Movers:
  Gainers: PIDILITIND.BSE:+1.6%, LT.BSE:+0.7%, RELIANCE.BSE:+0.5%
  Losers: DRREDDY.BSE:-0.5%, SUNPHARMA.BSE:-0.5%, TCS.BSE:-0.1%
=======================================================
Starting Enhanced Market Scan...
Fetching 10 quotes...
  ✅ BHARTIARTL: ₹1775.40 (-1.25%)
  ✅ KOTAKBANK: ₹388.00 (+1.64%)
  ✅ HINDUNILVR: ₹2169.30 (+1.70%)
  ✅ COLPAL: ₹2056.65 (+1.63%)
  ⚠️ TITAN: Failed
  ✅ LT: ₹3917.35 (+0.43%)
  ✅ PIDILITIND: ₹1503.95 (+1.49%)
  ⚠️ ADANIPOWER: Failed
  ⚠️ DEEPAKNTR: Failed
  ✅ GODREJCP: ₹1028.80 (+1.55%)

=======================================================
MARKET SCAN - 2026-06-11 08:00
=======================================================
Sensitivity: high | Macro: neutral
Thresholds: Drop <-1.0%, Rally >1.0%
Scanned: 7 stocks | Opportunities: 6


Top Movers:
  Gainers: HINDUNILVR.BSE:+1.7%, KOTAKBANK.BSE:+1.6%, COLPAL.BSE:+1.6%
  Losers: BHARTIARTL.BSE:-1.3%, LT.BSE:0.4%, PIDILITIND.BSE:1.5%
=======================================================
Starting Enhanced Market Scan...
Fetching 10 quotes...
  ✅ CONCOR: ₹440.10 (-1.09%)
  ✅ AARTIIND: ₹427.40 (-1.38%)
  ⚠️ MARUTI: Failed
  ✅ BAJAJ-AUTO: ₹10118.05 (-0.22%)
  ✅ EICHERMOT: ₹7177.60 (-0.30%)
  ⚠️ DEEPAKNTR: Failed
  ✅ GODREJCP: ₹1008.40 (-1.98%)
  ✅ HEROMOTOCO: ₹4836.10 (-0.40%)
  ✅ NTPC: ₹352.00 (+0.11%)
  ✅ CIPLA: ₹1383.00 (+0.49%)

=======================================================
MARKET SCAN - 2026-06-12 08:00
=======================================================
Sensitivity: high | Macro: neutral
Thresholds: Drop <-1.0%, Rally >1.0%
Scanned: 8 stocks | Opportunities: 4

WATCH (30-50):
  GODREJCP.BSE ₹1008.40 (-1.98%) | 35

Top Movers:
  Gainers: CIPLA.BSE:+0.5%, NTPC.BSE:+0.1%, BAJAJ-AUTO.BSE:+-0.2%
  Losers: GODREJCP.BSE:-2.0%, AARTIIND.BSE:-1.4%, CONCOR.BSE:-1.1%
=======================================================
Starting Enhanced Market Scan...
Fetching 10 quotes...
  ✅ NTPC: ₹353.95 (+0.55%)
  ✅ POWERGRID: ₹284.80 (-0.65%)
  ✅ SUNPHARMA: ₹1807.25 (+0.72%)
  ✅ DRREDDY: ₹1273.90 (-0.09%)
  ✅ APOLLOHOSP: ₹8496.45 (+0.01%)
  ⚠️ CIPLA: Failed
  ✅ INFY: ₹1116.45 (+0.22%)
  ✅ LT: ₹4050.20 (+4.94%)
  ✅ PIDILITIND: ₹1536.00 (+2.48%)
  ✅ TITAN: ₹4187.05 (+4.03%)

=======================================================
MARKET SCAN - 2026-06-15 08:00
=======================================================
Sensitivity: high | Macro: neutral
Thresholds: Drop <-1.0%, Rally >1.0%
Scanned: 9 stocks | Opportunities: 4


Top Movers:
  Gainers: LT.BSE:+4.9%, TITAN.BSE:+4.0%, PIDILITIND.BSE:+2.5%
  Losers: POWERGRID.BSE:-0.6%, DRREDDY.BSE:-0.1%, APOLLOHOSP.BSE:0.0%
=======================================================
Starting Enhanced Market Scan...
Fetching 10 quotes...
  ✅ ICICIBANK: ₹1327.75 (-0.94%)
  ⚠️ SBIN: Failed
  ✅ BHARTIARTL: ₹1840.85 (+1.00%)
  ✅ KOTAKBANK: ₹405.65 (+0.57%)
  ✅ HINDUNILVR: ₹2155.90 (-0.54%)
  ✅ LT: ₹4171.45 (+2.99%)
  ✅ PIDILITIND: ₹1570.10 (+2.22%)
  ⚠️ TITAN: Failed
  ✅ ADANIPOWER: ₹220.50 (-1.08%)
  ⚠️ DEEPAKNTR: Failed

=======================================================
MARKET SCAN - 2026-06-16 08:00
=======================================================
Sensitivity: high | Macro: neutral
Thresholds: Drop <-1.0%, Rally >1.0%
Scanned: 7 stocks | Opportunities: 7


Top Movers:
  Gainers: LT.BSE:+3.0%, PIDILITIND.BSE:+2.2%, BHARTIARTL.BSE:+1.0%
  Losers: ADANIPOWER.BSE:-1.1%, ICICIBANK.BSE:-0.9%, HINDUNILVR.BSE:-0.5%
=======================================================
Starting Enhanced Market Scan...
Fetching 10 quotes...
  ✅ MFSL: ₹1611.75 (-1.27%)
  ✅ CONCOR: ₹463.75 (+0.98%)
  ⚠️ AARTIIND: Failed
  ✅ BAJAJ-AUTO: ₹9934.10 (-0.09%)
  ⚠️ EICHERMOT: Failed
  ✅ ADANIPOWER: ₹222.60 (+0.95%)
  ⚠️ DEEPAKNTR: Failed
  ✅ GODREJCP: ₹1036.10 (-0.08%)
  ✅ MARUTI: ₹13692.85 (-0.81%)
  ⚠️ HEROMOTOCO: Failed

=======================================================
MARKET SCAN - 2026-06-17 08:00
=======================================================
Sensitivity: high | Macro: neutral
Thresholds: Drop <-1.0%, Rally >1.0%
Scanned: 6 stocks | Opportunities: 4


Top Movers:
  Gainers: CONCOR.BSE:+1.0%, ADANIPOWER.BSE:+1.0%, GODREJCP.BSE:+-0.1%
  Losers: MFSL.BSE:-1.3%, MARUTI.BSE:-0.8%, BAJAJ-AUTO.BSE:-0.1%
=======================================================
Starting Enhanced Market Scan...
Fetching 10 quotes...
  ✅ ONGC: ₹245.15 (-1.25%)
  ✅ COALINDIA: ₹455.55 (+1.01%)
  ⚠️ NTPC: Failed
  ✅ POWERGRID: ₹286.35 (+0.42%)
  ✅ SUNPHARMA: ₹1819.95 (+1.07%)
  ✅ CIPLA: ₹1350.75 (-1.60%)
  ✅ INFY: ₹1158.10 (+3.73%)
  ✅ SBIN: ₹1026.00 (+1.03%)
  ✅ LT: ₹4206.95 (+0.51%)
  ✅ ADANIPOWER: ₹220.35 (-1.01%)

=======================================================
MARKET SCAN - 2026-06-18 08:00
=======================================================
Sensitivity: high | Macro: neutral
Thresholds: Drop <-1.0%, Rally >1.0%
Scanned: 9 stocks | Opportunities: 7


Top Movers:
  Gainers: INFY.BSE:+3.7%, SUNPHARMA.BSE:+1.1%, SBIN.BSE:+1.0%
  Losers: CIPLA.BSE:-1.6%, ONGC.BSE:-1.2%, ADANIPOWER.BSE:-1.0%
=======================================================
Starting Enhanced Market Scan...
Fetching 10 quotes...
  ✅ HDFCBANK: ₹798.55 (+1.49%)
  ✅ ICICIBANK: ₹1342.55 (+0.43%)
  ✅ BHARTIARTL: ₹1874.80 (-0.04%)
  ✅ KOTAKBANK: ₹402.95 (-0.38%)
  ⚠️ HINDUNILVR: Failed
  ✅ INFY: ₹1127.25 (+0.97%)
  ⚠️ SBIN: Failed
  ✅ LT: ₹4189.60 (-0.41%)
  ✅ AARTIIND: ₹486.20 (+1.41%)
  ⚠️ DEEPAKNTR: Failed

=======================================================
MARKET SCAN - 2026-06-19 08:00
=======================================================
Sensitivity: high | Macro: neutral
Thresholds: Drop <-1.0%, Rally >1.0%
Scanned: 7 stocks | Opportunities: 2

WATCH (30-50):
  HDFCBANK.BSE ₹798.55 (+1.49%) | 40

Top Movers:
  Gainers: HDFCBANK.BSE:+1.5%, AARTIIND.BSE:+1.4%, INFY.BSE:+1.0%
  Losers: LT.BSE:-0.4%, KOTAKBANK.BSE:-0.4%, BHARTIARTL.BSE:-0.0%
=======================================================
Starting Enhanced Market Scan...
Fetching 10 quotes...
  ⚠️ TITAN: Failed
  ⚠️ TORNTPHARM: Failed
  ⚠️ MFSL: Failed
  ⚠️ ADANIPOWER: Failed
  ⚠️ CONCOR: Failed
  ⚠️ AARTIIND: Failed
  ⚠️ DEEPAKNTR: Failed
  ⚠️ GODREJCP: Failed
  ⚠️ MARUTI: Failed
  ⚠️ HEROMOTOCO: Failed
No data - retry with new stocks
Fetching 10 quotes...
  ⚠️ EICHERMOT: Failed
  ⚠️ ONGC: Failed
  ⚠️ COALINDIA: Failed
  ⚠️ NTPC: Failed
  ⚠️ POWERGRID: Failed
  ⚠️ SUNPHARMA: Failed
  ⚠️ DRREDDY: Failed
  ⚠️ CIPLA: Failed
  ⚠️ APOLLOHOSP: Failed
  ⚠️ RELIANCE: Failed
Still no data. API may be rate-limited.
Starting Enhanced Market Scan...
Fetching 10 quotes...
  ✅ TCS: ₹2127.30 (+0.04%)
  ⚠️ HDFCBANK: Failed
  ✅ INFY: ₹1065.40 (+1.29%)
  ✅ ICICIBANK: ₹1351.65 (+0.36%)
  ✅ SBIN: ₹1041.00 (+0.57%)
  ✅ EICHERMOT: ₹7632.75 (+0.06%)
  ✅ ONGC: ₹245.45 (-0.30%)
  ✅ COALINDIA: ₹448.90 (-0.56%)
  ✅ NTPC: ₹366.95 (+0.33%)
  ⚠️ POWERGRID: Failed

=======================================================
MARKET SCAN - 2026-06-23 08:00
=======================================================
Sensitivity: high | Macro: neutral
Thresholds: Drop <-1.0%, Rally >1.0%
Scanned: 8 stocks | Opportunities: 2


Top Movers:
  Gainers: INFY.BSE:+1.3%, SBIN.BSE:+0.6%, ICICIBANK.BSE:+0.4%
  Losers: COALINDIA.BSE:-0.6%, ONGC.BSE:-0.3%, TCS.BSE:0.0%
=======================================================
Starting Enhanced Market Scan...
Fetching 10 quotes...
  ✅ PIDILITIND: ₹1566.40 (-0.37%)
  ⚠️ TITAN: Failed
  ✅ TORNTPHARM: ₹4514.15 (+1.27%)
  ⚠️ MFSL: Failed
  ✅ ADANIPOWER: ₹232.90 (-0.28%)
  ⚠️ EICHERMOT: Failed
  ✅ ONGC: ₹244.45 (-0.41%)
  ✅ COALINDIA: ₹443.90 (-1.11%)
  ✅ NTPC: ₹364.70 (-0.61%)
  ✅ POWERGRID: ₹292.25 (+0.83%)

=======================================================
MARKET SCAN - 2026-06-24 08:00
=======================================================
Sensitivity: high | Macro: neutral
Thresholds: Drop <-1.0%, Rally >1.0%
Scanned: 7 stocks | Opportunities: 5


Top Movers:
  Gainers: TORNTPHARM.BSE:+1.3%, POWERGRID.BSE:+0.8%, ADANIPOWER.BSE:+-0.3%
  Losers: COALINDIA.BSE:-1.1%, NTPC.BSE:-0.6%, ONGC.BSE:-0.4%
=======================================================
Starting Enhanced Market Scan...
Fetching 10 quotes...
  ✅ BAJAJ-AUTO: ₹9749.35 (-2.66%)
  ✅ HEROMOTOCO: ₹4896.70 (-1.51%)
  ⚠️ EICHERMOT: Failed
  ✅ POWERGRID: ₹290.80 (-0.50%)
  ✅ APOLLOHOSP: ₹8573.50 (+1.01%)
  ✅ ONGC: ₹240.05 (-1.80%)
  ✅ COALINDIA: ₹441.75 (-0.48%)
  ⚠️ NTPC: Failed
  ✅ SUNPHARMA: ₹1874.70 (+0.37%)
  ⚠️ DRREDDY: Failed

=======================================================
MARKET SCAN - 2026-06-25 08:00
=======================================================
Sensitivity: high | Macro: neutral
Thresholds: Drop <-1.0%, Rally >1.0%
Scanned: 7 stocks | Opportunities: 5

WATCH (30-50):
  BAJAJ-AUTO.BSE ₹9749.35 (-2.66%) | 35
  ONGC.BSE ₹240.05 (-1.80%) | 35

Top Movers:
  Gainers: APOLLOHOSP.BSE:+1.0%, SUNPHARMA.BSE:+0.4%, COALINDIA.BSE:+-0.5%
  Losers: BAJAJ-AUTO.BSE:-2.7%, ONGC.BSE:-1.8%, HEROMOTOCO.BSE:-1.5%
=======================================================
Starting Enhanced Market Scan...
Fetching 10 quotes...
  ✅ APOLLOHOSP: ₹8593.25 (+0.23%)
  ✅ TCS: ₹2095.60 (-0.62%)
  ✅ INFY: ₹1041.40 (-0.99%)
  ⚠️ ICICIBANK: Failed
  ✅ SBIN: ₹1045.15 (+1.01%)
  ✅ RELIANCE: ₹1318.25 (+0.35%)
  ✅ HDFCBANK: ₹796.05 (+0.37%)
  ⚠️ TITAN: Failed
  ✅ MFSL: ₹1613.15 (-2.98%)
  ✅ EICHERMOT: ₹7597.90 (+0.34%)

=======================================================
MARKET SCAN - 2026-06-26 08:00
=======================================================
Sensitivity: high | Macro: neutral
Thresholds: Drop <-1.0%, Rally >1.0%
Scanned: 8 stocks | Opportunities: 5

WATCH (30-50):
  MFSL.BSE ₹1613.15 (-2.98%) | 45

Top Movers:
  Gainers: SBIN.BSE:+1.0%, HDFCBANK.BSE:+0.4%, RELIANCE.BSE:+0.3%
  Losers: MFSL.BSE:-3.0%, INFY.BSE:-1.0%, TCS.BSE:-0.6%
=======================================================
